// Jest Snapshot v1, https://goo.gl/fbAQLP

exports[`user/mutations/login should return invalid payload when username or password is invalid 1`] = `
[
  {
    "locations": [
      {
        "column": 7,
        "line": 3,
      },
    ],
    "message": "Invalid password or user not found",
    "path": [
      "login",
    ],
  },
]
`;
